Archive member included to satisfy reference by file (symbol)

/usr/bin/../lib/gcc/arm-none-eabi/7.3.1/thumb/v6-m/libgcc.a(_thumb1_case_uqi.o)
                              _build/tcs3472REDO.o (__gnu_thumb1_case_uqi)
/usr/bin/../lib/gcc/arm-none-eabi/7.3.1/thumb/v6-m/libgcc.a(_thumb1_case_uhi.o)
                              _build/ble_advdata.o (__gnu_thumb1_case_uhi)
/usr/bin/../lib/gcc/arm-none-eabi/7.3.1/thumb/v6-m/libgcc.a(_fixunssfsi.o)
                              _build/tcs3472REDO.o (__aeabi_f2uiz)
/usr/bin/../lib/gcc/arm-none-eabi/7.3.1/thumb/v6-m/libgcc.a(addsf3.o)
                              _build/tcs3472REDO.o (__aeabi_fadd)
/usr/bin/../lib/gcc/arm-none-eabi/7.3.1/thumb/v6-m/libgcc.a(divsf3.o)
                              _build/tcs3472REDO.o (__aeabi_fdiv)
/usr/bin/../lib/gcc/arm-none-eabi/7.3.1/thumb/v6-m/libgcc.a(mulsf3.o)
                              _build/tcs3472REDO.o (__aeabi_fmul)
/usr/bin/../lib/gcc/arm-none-eabi/7.3.1/thumb/v6-m/libgcc.a(subsf3.o)
                              _build/tcs3472REDO.o (__aeabi_fsub)
/usr/bin/../lib/gcc/arm-none-eabi/7.3.1/thumb/v6-m/libgcc.a(fixsfsi.o)
                              /usr/bin/../lib/gcc/arm-none-eabi/7.3.1/thumb/v6-m/libgcc.a(_fixunssfsi.o) (__aeabi_f2iz)
/usr/bin/../lib/gcc/arm-none-eabi/7.3.1/thumb/v6-m/libgcc.a(floatsisf.o)
                              _build/tcs3472REDO.o (__aeabi_i2f)
/usr/bin/../lib/gcc/arm-none-eabi/7.3.1/thumb/v6-m/libgcc.a(muldf3.o)
                              _build/tcs3472REDO.o (__aeabi_dmul)
/usr/bin/../lib/gcc/arm-none-eabi/7.3.1/thumb/v6-m/libgcc.a(extendsfdf2.o)
                              _build/tcs3472REDO.o (__aeabi_f2d)
/usr/bin/../lib/gcc/arm-none-eabi/7.3.1/thumb/v6-m/libgcc.a(truncdfsf2.o)
                              _build/tcs3472REDO.o (__aeabi_d2f)
/usr/bin/../lib/gcc/arm-none-eabi/7.3.1/thumb/v6-m/libgcc.a(_arm_cmpsf2.o)
                              /usr/bin/../lib/gcc/arm-none-eabi/7.3.1/thumb/v6-m/libgcc.a(_fixunssfsi.o) (__aeabi_fcmpge)
/usr/bin/../lib/gcc/arm-none-eabi/7.3.1/thumb/v6-m/libgcc.a(_clzsi2.o)
                              /usr/bin/../lib/gcc/arm-none-eabi/7.3.1/thumb/v6-m/libgcc.a(addsf3.o) (__clzsi2)
/usr/bin/../lib/gcc/arm-none-eabi/7.3.1/thumb/v6-m/libgcc.a(eqsf2.o)
                              /usr/bin/../lib/gcc/arm-none-eabi/7.3.1/thumb/v6-m/libgcc.a(_arm_cmpsf2.o) (__eqsf2)
/usr/bin/../lib/gcc/arm-none-eabi/7.3.1/thumb/v6-m/libgcc.a(gesf2.o)
                              /usr/bin/../lib/gcc/arm-none-eabi/7.3.1/thumb/v6-m/libgcc.a(_arm_cmpsf2.o) (__gesf2)
/usr/bin/../lib/gcc/arm-none-eabi/7.3.1/thumb/v6-m/libgcc.a(lesf2.o)
                              /usr/bin/../lib/gcc/arm-none-eabi/7.3.1/thumb/v6-m/libgcc.a(_arm_cmpsf2.o) (__lesf2)
/usr/bin/../lib/gcc/arm-none-eabi/7.3.1/../../../../arm-none-eabi/lib/thumb/v6-m/libc.a(lib_a-exit.o)
                              /usr/bin/../lib/gcc/arm-none-eabi/7.3.1/../../../../arm-none-eabi/lib/thumb/v6-m/crt0.o (exit)
/usr/bin/../lib/gcc/arm-none-eabi/7.3.1/../../../../arm-none-eabi/lib/thumb/v6-m/libc.a(lib_a-impure.o)
                              /usr/bin/../lib/gcc/arm-none-eabi/7.3.1/../../../../arm-none-eabi/lib/thumb/v6-m/libc.a(lib_a-exit.o) (_global_impure_ptr)
/usr/bin/../lib/gcc/arm-none-eabi/7.3.1/../../../../arm-none-eabi/lib/thumb/v6-m/libc.a(lib_a-init.o)
                              /usr/bin/../lib/gcc/arm-none-eabi/7.3.1/../../../../arm-none-eabi/lib/thumb/v6-m/crt0.o (__libc_init_array)
/usr/bin/../lib/gcc/arm-none-eabi/7.3.1/../../../../arm-none-eabi/lib/thumb/v6-m/libc.a(lib_a-memcpy-stub.o)
                              _build/main.o (memcpy)
/usr/bin/../lib/gcc/arm-none-eabi/7.3.1/../../../../arm-none-eabi/lib/thumb/v6-m/libc.a(lib_a-memset.o)
                              /usr/bin/../lib/gcc/arm-none-eabi/7.3.1/../../../../arm-none-eabi/lib/thumb/v6-m/crt0.o (memset)
/usr/bin/../lib/gcc/arm-none-eabi/7.3.1/../../../../arm-none-eabi/lib/thumb/v6-m/libc.a(lib_a-strlen-stub.o)
                              _build/ble_srv_common.o (strlen)
/usr/bin/../lib/gcc/arm-none-eabi/7.3.1/../../../../arm-none-eabi/lib/thumb/v6-m/libc.a(lib_a-__call_atexit.o)
                              /usr/bin/../lib/gcc/arm-none-eabi/7.3.1/../../../../arm-none-eabi/lib/thumb/v6-m/libc.a(lib_a-exit.o) (__call_exitprocs)
/usr/bin/../lib/gcc/arm-none-eabi/7.3.1/../../../../arm-none-eabi/lib/thumb/v6-m/libc.a(lib_a-atexit.o)
                              /usr/bin/../lib/gcc/arm-none-eabi/7.3.1/../../../../arm-none-eabi/lib/thumb/v6-m/libc.a(lib_a-__call_atexit.o) (atexit)
/usr/bin/../lib/gcc/arm-none-eabi/7.3.1/../../../../arm-none-eabi/lib/thumb/v6-m/libc.a(lib_a-fini.o)
                              /usr/bin/../lib/gcc/arm-none-eabi/7.3.1/../../../../arm-none-eabi/lib/thumb/v6-m/libc.a(lib_a-__call_atexit.o) (__libc_fini_array)
/usr/bin/../lib/gcc/arm-none-eabi/7.3.1/../../../../arm-none-eabi/lib/thumb/v6-m/libc.a(lib_a-lock.o)
[...]
Memory Configuration

Name             Origin             Length             Attributes
FLASH            0x0000000000018000 0x0000000000028000 xr
RAM              0x0000000020002000 0x0000000000002000 xrw
*default*        0x0000000000000000 0xffffffffffffffff

Linker script and memory map

LOAD /usr/bin/../lib/gcc/arm-none-eabi/7.3.1/thumb/v6-m/crti.o
LOAD /usr/bin/../lib/gcc/arm-none-eabi/7.3.1/thumb/v6-m/crtbegin.o
LOAD /usr/bin/../lib/gcc/arm-none-eabi/7.3.1/../../../../arm-none-eabi/lib/thumb/v6-m/crt0.o
LOAD _build/startup_nrf51.os
LOAD _build/system_nrf51.o
LOAD _build/main.o
LOAD _build/tcs3472REDO.o
LOAD _build/app_error.o
LOAD _build/app_timer.o
LOAD _build/app_util_platform.o
LOAD _build/ble_advdata.o
LOAD _build/ble_conn_params.o
LOAD _build/ble_srv_common.o
LOAD _build/led.o
LOAD _build/nrf_delay.o
LOAD _build/nrf_drv_common.o
LOAD _build/nrf_drv_twi.o
LOAD _build/softdevice_handler.o
LOAD _build/app_twi.o
LOAD _build/simple_ble.o
LOAD _build/simple_adv.o
LOAD _build/eddystone.o
START GROUP
LOAD /usr/bin/../lib/gcc/arm-none-eabi/7.3.1/thumb/v6-m/libgcc.a
LOAD /usr/bin/../lib/gcc/arm-none-eabi/7.3.1/../../../../arm-none-eabi/lib/thumb/v6-m/libc.a
END GROUP
LOAD /usr/bin/../lib/gcc/arm-none-eabi/7.3.1/thumb/v6-m/crtend.o
LOAD /usr/bin/../lib/gcc/arm-none-eabi/7.3.1/thumb/v6-m/crtn.o
START GROUP
LOAD /usr/bin/../lib/gcc/arm-none-eabi/7.3.1/thumb/v6-m/libgcc.a
LOAD /usr/bin/../lib/gcc/arm-none-eabi/7.3.1/../../../../arm-none-eabi/lib/thumb/v6-m/libc.a
LOAD /usr/bin/../lib/gcc/arm-none-eabi/7.3.1/../../../../arm-none-eabi/lib/thumb/v6-m/libm.a
LOAD /usr/bin/../lib/gcc/arm-none-eabi/7.3.1/../../../../arm-none-eabi/lib/thumb/v6-m/libnosys.a
END GROUP

.text           0x0000000000018000     0x71bc
 *(.isr_vector)
 .isr_vector    0x0000000000018000       0xc0 _build/startup_nrf51.os
                0x0000000000018000                __Vectors
 *(.text*)
 .text          0x00000000000180c0       0x78 /usr/bin/../lib/gcc/arm-none-eabi/7.3.1/../../../../arm-none-eabi/lib/thumb/v6-m/crt0.o
                0x00000000000180c0                _mainCRTStartup
                0x00000000000180c0                _start
 .text          0x0000000000018138       0x7c _build/startup_nrf51.os
                0x0000000000018138                Reset_Handler
                0x0000000000018178                NMI_Handler
                0x000000000001817a                HardFault_Handler
                0x000000000001817c                SVC_Handler
                0x000000000001817e                PendSV_Handler
                0x0000000000018180                SysTick_Handler
                0x0000000000018182                Default_Handler
                0x0000000000018182                DEF_IRQHandler
                0x0000000000018184                POWER_CLOCK_IRQHandler
                0x0000000000018186                RADIO_IRQHandler
                0x0000000000018188                UART0_IRQHandler
                0x000000000001818e                GPIOTE_IRQHandler
                0x0000000000018190                ADC_IRQHandler
                0x0000000000018192                TIMER0_IRQHandler
                0x0000000000018194                TIMER1_IRQHandler
                0x0000000000018196                TIMER2_IRQHandler
                0x0000000000018198                RTC0_IRQHandler
                0x000000000001819a                TEMP_IRQHandler
                0x000000000001819c                RNG_IRQHandler
                0x000000000001819e                ECB_IRQHandler
                0x00000000000181a0                CCM_AAR_IRQHandler
                0x00000000000181a2                WDT_IRQHandler
                0x00000000000181a6                QDEC_IRQHandler
                0x00000000000181aa                SWI1_IRQHandler
                0x00000000000181ae                SWI3_IRQHandler
                0x00000000000181b0                SWI4_IRQHandler
                0x00000000000181b2                SWI5_IRQHandler
 .text.SystemInit
                0x00000000000181b4       0x90 _build/system_nrf51.o
                0x00000000000181b4                SystemInit
 .text.start_color_measuring
                0x0000000000018244       0x10 _build/main.o
 .text.finish_adc_enable
                0x0000000000018254       0x18 _build/main.o
 .text.finish_reading_clear
                0x000000000001826c       0x1c _build/main.o
 .text.finish_reading_red
                0x0000000000018288       0x1c _build/main.o
 .text.finish_reading_green
                0x00000000000182a4       0x1c _build/main.o
 .text.finish_reading_blue
                0x00000000000182c0       0xac _build/main.o
 .text.start_sensing
                0x000000000001836c       0x18 _build/main.o
 .text.finish_reading_ID
                0x0000000000018384       0x18 _build/main.o
 .text.finish_set_int_time
                0x000000000001839c       0x10 _build/main.o
 .text.finish_set_gain
                0x00000000000183ac       0x10 _build/main.o
 .text.finish_sensor_enable
                0x00000000000183bc       0x14 _build/main.o
 .text.startup.main
                0x00000000000183d0       0xdc _build/main.o
                0x00000000000183d0                main
 .text.tcs34725_event_handler
                0x00000000000184ac      0x14c _build/tcs3472REDO.o
                0x00000000000184ac                tcs34725_event_handler
 .text.tcs34725_init
                0x00000000000185f8       0x2c _build/tcs3472REDO.o
                0x00000000000185f8                tcs34725_init
 .text.tcs34725_read_ID
                0x0000000000018624       0x34 _build/tcs3472REDO.o
                0x0000000000018624                tcs34725_read_ID
 .text.tcs34725_Set_Int_Time
                0x0000000000018658       0x28 _build/tcs3472REDO.o
                0x0000000000018658                tcs34725_Set_Int_Time
 .text.tcs34725_Set_Gain
                0x0000000000018680       0x28 _build/tcs3472REDO.o
                0x0000000000018680                tcs34725_Set_Gain
 .text.tcs34725_sensor_enable
                0x00000000000186a8       0x28 _build/tcs3472REDO.o
                0x00000000000186a8                tcs34725_sensor_enable
 .text.tcs34725_adc_enable
                0x00000000000186d0       0x28 _build/tcs3472REDO.o
                0x00000000000186d0                tcs34725_adc_enable
 .text.tcs34725_read_clear
                0x00000000000186f8       0x34 _build/tcs3472REDO.o
                0x00000000000186f8                tcs34725_read_clear
 .text.tcs34725_read_red
                0x000000000001872c       0x34 _build/tcs3472REDO.o
                0x000000000001872c                tcs34725_read_red
 .text.tcs34725_read_green
                0x0000000000018760       0x34 _build/tcs3472REDO.o
                0x0000000000018760                tcs34725_read_green
 .text.tcs34725_read_blue
                0x0000000000018794       0x34 _build/tcs3472REDO.o
                0x0000000000018794                tcs34725_read_blue
 .text.tcs34725_calculate_color_temperature
                0x00000000000187c8      0x1a8 _build/tcs3472REDO.o
                0x00000000000187c8                tcs34725_calculate_color_temperature
 .text.tcs34725_calculate_lux
                0x0000000000018970       0x74 _build/tcs3472REDO.o
                0x0000000000018970                tcs34725_calculate_lux
 .text.rtc1_stop
                0x00000000000189e4       0x78 _build/app_timer.o
 .text.user_op_alloc
                0x0000000000018a5c       0x28 _build/app_timer.o
 .text.user_id_get
                0x0000000000018a84       0x60 _build/app_timer.o
 .text.RTC1_IRQHandler
                0x0000000000018ae4       0xc0 _build/app_timer.o
                0x0000000000018ae4                RTC1_IRQHandler
 .text.SWI0_IRQHandler
                0x0000000000018ba4      0x3ac _build/app_timer.o
                0x0000000000018ba4                SWI0_IRQHandler
 .text.app_timer_init
                0x0000000000018f50       0xd0 _build/app_timer.o
                0x0000000000018f50                app_timer_init
 .text.app_timer_create
                0x0000000000019020       0x30 _build/app_timer.o
                0x0000000000019020                app_timer_create
 .text.app_timer_start
                0x0000000000019050       0x84 _build/app_timer.o
                0x0000000000019050                app_timer_start
 .text.app_timer_stop
                0x00000000000190d4       0x58 _build/app_timer.o
                0x00000000000190d4                app_timer_stop
 .text.sd_ble_gap_address_get
                0x000000000001912c        0x4 _build/ble_advdata.o
 .text.sd_ble_gap_adv_data_set
                0x0000000000019130        0x4 _build/ble_advdata.o
 .text.sd_ble_gap_appearance_get
                0x0000000000019134        0x4 _build/ble_advdata.o
 .text.sd_ble_gap_device_name_get
                0x0000000000019138        0x4 _build/ble_advdata.o
 .text.sd_ble_uuid_encode
                0x000000000001913c        0x4 _build/ble_advdata.o
 .text.uuid_list_sized_encode
                0x0000000000019140       0xb8 _build/ble_advdata.o
 .text.uuid_list_encode
                0x00000000000191f8       0x34 _build/ble_advdata.o
 .text.adv_data_encode
                0x000000000001922c      0x470 _build/ble_advdata.o
                0x000000000001922c                adv_data_encode
 .text.ble_advdata_set
                0x000000000001969c       0x62 _build/ble_advdata.o
                0x000000000001969c                ble_advdata_set
 .text.sd_ble_gap_conn_param_update
                0x00000000000196fe        0x4 _build/ble_conn_params.o
 .text.sd_ble_gap_disconnect
                0x0000000000019702        0x4 _build/ble_conn_params.o
 .text.sd_ble_gap_ppcp_set
                0x0000000000019706        0x4 _build/ble_conn_params.o
 .text.sd_ble_gap_ppcp_get
                0x000000000001970a        0x4 _build/ble_conn_params.o
 *fill*         0x000000000001970e        0x2 
 .text.update_timeout_handler
                0x0000000000019710       0x70 _build/ble_conn_params.o
 .text.conn_params_negotiation
                0x0000000000019780       0x7c _build/ble_conn_params.o
 .text.ble_conn_params_init
                0x00000000000197fc       0x70 _build/ble_conn_params.o
                0x00000000000197fc                ble_conn_params_init
 .text.ble_conn_params_on_ble_evt
                0x000000000001986c       0xa8 _build/ble_conn_params.o
                0x000000000001986c                ble_conn_params_on_ble_evt
 .text.led_init
                0x0000000000019914       0x1c _build/led.o
                0x0000000000019914                led_init
 .text.led_on   0x0000000000019930       0x14 _build/led.o
                0x0000000000019930                led_on
 .text.led_off  0x0000000000019944       0x10 _build/led.o
                0x0000000000019944                led_off
 .text.led_toggle
                0x0000000000019954       0x2c _build/led.o
                0x0000000000019954                led_toggle
 .text.nrf_delay_ms
                0x0000000000019980       0x38 _build/nrf_delay.o
                0x0000000000019980                nrf_delay_ms
 .text.nrf_drv_common_irq_enable
                0x00000000000199b8       0x64 _build/nrf_drv_common.o
                0x00000000000199b8                nrf_drv_common_irq_enable
 .text.sd_nvic_critical_region_enter
                0x0000000000019a1c        0x4 _build/nrf_drv_twi.o
 .text.sd_nvic_critical_region_exit
                0x0000000000019a20        0x4 _build/nrf_drv_twi.o
 .text.state_machine
                0x0000000000019a24       0x5c _build/nrf_drv_twi.o
 .text.txrx_shorts_set_task_start
                0x0000000000019a80       0x8c _build/nrf_drv_twi.o
 .text.rx_address_req
                0x0000000000019b0c       0x54 _build/nrf_drv_twi.o
 .text.rx_prepare
                0x0000000000019b60        0x8 _build/nrf_drv_twi.o
 .text.rx_done  0x0000000000019b68       0x30 _build/nrf_drv_twi.o
 .text.tx_prepare
                0x0000000000019b98       0x28 _build/nrf_drv_twi.o
 .text.address_req
                0x0000000000019bc0       0x58 _build/nrf_drv_twi.o
 .text.tx_done  0x0000000000019c18       0x24 _build/nrf_drv_twi.o
 .text.on_error
                0x0000000000019c3c       0x48 _build/nrf_drv_twi.o
 .text.ack_error
                0x0000000000019c84       0x14 _build/nrf_drv_twi.o
 .text.twi_transfer
                0x0000000000019c98      0x1a8 _build/nrf_drv_twi.o
 .text.nrf_drv_twi_int_handler
                0x0000000000019e40       0xb8 _build/nrf_drv_twi.o
 .text.nrf_drv_twi_init
                0x0000000000019ef8      0x1b8 _build/nrf_drv_twi.o
                0x0000000000019ef8                nrf_drv_twi_init
 .text.nrf_drv_twi_enable
                0x000000000001a0b0       0x48 _build/nrf_drv_twi.o
                0x000000000001a0b0                nrf_drv_twi_enable
 .text.nrf_drv_twi_tx
                0x000000000001a0f8       0x12 _build/nrf_drv_twi.o
                0x000000000001a0f8                nrf_drv_twi_tx
 .text.nrf_drv_twi_rx
                0x000000000001a10a       0x12 _build/nrf_drv_twi.o
                0x000000000001a10a                nrf_drv_twi_rx
 .text.SPI0_TWI0_IRQHandler
                0x000000000001a11c       0x10 _build/nrf_drv_twi.o
                0x000000000001a11c                SPI0_TWI0_IRQHandler
 .text.SPI1_TWI1_IRQHandler
                0x000000000001a12c       0x10 _build/nrf_drv_twi.o
                0x000000000001a12c                SPI1_TWI1_IRQHandler
 .text.sd_nvic_EnableIRQ
                0x000000000001a13c        0x4 _build/softdevice_handler.o
 .text.sd_evt_get
                0x000000000001a140        0x4 _build/softdevice_handler.o
 .text.sd_softdevice_enable
                0x000000000001a144        0x4 _build/softdevice_handler.o
 .text.sd_ble_evt_get
                0x000000000001a148        0x4 _build/softdevice_handler.o
 .text.softdevice_assertion_handler
                0x000000000001a14c        0xc _build/softdevice_handler.o
                0x000000000001a14c                softdevice_assertion_handler
 .text.intern_softdevice_events_execute
                0x000000000001a158       0xac _build/softdevice_handler.o
                0x000000000001a158                intern_softdevice_events_execute
 .text.softdevice_handler_init
                0x000000000001a204       0x48 _build/softdevice_handler.o
                0x000000000001a204                softdevice_handler_init
 .text.softdevice_ble_evt_handler_set
                0x000000000001a24c       0x14 _build/softdevice_handler.o
                0x000000000001a24c                softdevice_ble_evt_handler_set
 .text.softdevice_sys_evt_handler_set
                0x000000000001a260       0x14 _build/softdevice_handler.o
                0x000000000001a260                softdevice_sys_evt_handler_set
 .text.SWI2_IRQHandler
                0x000000000001a274       0x24 _build/softdevice_handler.o
                0x000000000001a274                SWI2_IRQHandler
 .text.sd_nvic_critical_region_enter
                0x000000000001a298        0x4 _build/app_twi.o
 .text.sd_nvic_critical_region_exit
                0x000000000001a29c        0x4 _build/app_twi.o
 .text.current_int_priority_get
                0x000000000001a2a0       0x50 _build/app_twi.o
 .text.signal_end_of_transaction
                0x000000000001a2f0       0x1a _build/app_twi.o
 .text.start_transfer
                0x000000000001a30a       0x2e _build/app_twi.o
 .text.start_pending_transaction
                0x000000000001a338       0xb2 _build/app_twi.o
 .text.twi_event_handler
                0x000000000001a3ea       0x3a _build/app_twi.o
 .text.app_twi_init
                0x000000000001a424       0x38 _build/app_twi.o
                0x000000000001a424                app_twi_init
 .text.app_twi_schedule
                0x000000000001a45c       0xa0 _build/app_twi.o
                0x000000000001a45c                app_twi_schedule
 .text.sd_ble_gap_address_set
                0x000000000001a4fc        0x4 _build/simple_ble.o
 .text.unlikely.sd_ble_gap_address_get
                0x000000000001a500        0x4 _build/simple_ble.o
 .text.sd_ble_gap_adv_start
                0x000000000001a504        0x4 _build/simple_ble.o
 .text.sd_ble_gap_adv_stop
                0x000000000001a508        0x4 _build/simple_ble.o
 .text.sd_ble_gap_disconnect
                0x000000000001a50c        0x4 _build/simple_ble.o
 .text.sd_ble_gap_tx_power_set
                0x000000000001a510        0x4 _build/simple_ble.o
 .text.unlikely.sd_ble_gap_appearance_set
                0x000000000001a514        0x4 _build/simple_ble.o
 .text.sd_ble_gap_ppcp_set
                0x000000000001a518        0x4 _build/simple_ble.o
 .text.sd_ble_gap_device_name_set
                0x000000000001a51c        0x4 _build/simple_ble.o
 .text.sd_ble_gap_sec_params_reply
                0x000000000001a520        0x4 _build/simple_ble.o
 .text.sd_ble_gap_sec_info_reply
                0x000000000001a524        0x4 _build/simple_ble.o
 .text.sd_ble_gatts_sys_attr_set
                0x000000000001a528        0x4 _build/simple_ble.o
 .text.unlikely.sd_ble_enable
                0x000000000001a52c        0x4 _build/simple_ble.o
 .text.sd_power_system_off
                0x000000000001a530        0x4 _build/simple_ble.o
 .text.sd_app_evt_wait
                0x000000000001a534        0x4 _build/simple_ble.o
 .text.conn_params_error_handler
                0x000000000001a538       0x14 _build/simple_ble.o
 .text.sys_evt_dispatch
                0x000000000001a54c        0x2 _build/simple_ble.o
 *fill*         0x000000000001a54e        0x2 
 .text.on_conn_params_evt
                0x000000000001a550       0x2c _build/simple_ble.o
 .text.app_error_handler
                0x000000000001a57c       0x14 _build/simple_ble.o
                0x000000000001a57c                app_error_handler
 .text.assert_nrf_callback
                0x000000000001a590       0x18 _build/simple_ble.o
                0x000000000001a590                assert_nrf_callback
 .text.ble_address_set
                0x000000000001a5a8       0x90 _build/simple_ble.o
                0x000000000001a5a8                ble_address_set
 .text.ble_stack_init
                0x000000000001a638       0x80 _build/simple_ble.o
                0x000000000001a638                ble_stack_init
 .text.gap_params_init
                0x000000000001a6b8       0x54 _build/simple_ble.o
                0x000000000001a6b8                gap_params_init
 .text.advertising_init
                0x000000000001a70c       0x20 _build/simple_ble.o
                0x000000000001a70c                advertising_init
 .text.conn_params_init
                0x000000000001a72c       0x90 _build/simple_ble.o
                0x000000000001a72c                conn_params_init
 .text.services_init
                0x000000000001a7bc        0x2 _build/simple_ble.o
                0x000000000001a7bc                services_init
 *fill*         0x000000000001a7be        0x2 
 .text.initialize_app_timer
                0x000000000001a7c0       0x28 _build/simple_ble.o
                0x000000000001a7c0                initialize_app_timer
 .text.advertising_start
                0x000000000001a7e8       0x28 _build/simple_ble.o
                0x000000000001a7e8                advertising_start
 .text.advertising_stop
                0x000000000001a810       0x20 _build/simple_ble.o
                0x000000000001a810                advertising_stop
 .text.ble_evt_dispatch
                0x000000000001a830      0x198 _build/simple_ble.o
 .text.power_manage
                0x000000000001a9c8       0x1c _build/simple_ble.o
                0x000000000001a9c8                power_manage
 .text.simple_ble_init
                0x000000000001a9e4       0x30 _build/simple_ble.o
                0x000000000001a9e4                simple_ble_init
 .text.full_adv
                0x000000000001aa14       0x60 _build/simple_adv.o
 .text.simple_adv_manuf_data
                0x000000000001aa74        0xe _build/simple_adv.o
                0x000000000001aa74                simple_adv_manuf_data
 *fill*         0x000000000001aa82        0x2 
 .text.eddystone_adv
                0x000000000001aa84       0xac _build/eddystone.o
                0x000000000001aa84                eddystone_adv
 .text.eddystone_with_manuf_adv
                0x000000000001ab30       0x26 _build/eddystone.o
                0x000000000001ab30                eddystone_with_manuf_adv
 *fill*         0x000000000001ab56        0x2 
 .text          0x000000000001ab58       0x14 /usr/bin/../lib/gcc/arm-none-eabi/7.3.1/thumb/v6-m/libgcc.a(_thumb1_case_uqi.o)
                0x000000000001ab58                __gnu_thumb1_case_uqi
 .text          0x000000000001ab6c       0x14 /usr/bin/../lib/gcc/arm-none-eabi/7.3.1/thumb/v6-m/libgcc.a(_thumb1_case_uhi.o)
                0x000000000001ab6c                __gnu_thumb1_case_uhi
 .text          0x000000000001ab80       0x30 /usr/bin/../lib/gcc/arm-none-eabi/7.3.1/thumb/v6-m/libgcc.a(_fixunssfsi.o)
                0x000000000001ab80                __aeabi_f2uiz
                0x000000000001ab80                __fixunssfsi
 .text          0x000000000001abb0      0x334 /usr/bin/../lib/gcc/arm-none-eabi/7.3.1/thumb/v6-m/libgcc.a(addsf3.o)
                0x000000000001abb0                __aeabi_fadd
 .text          0x000000000001aee4      0x224 /usr/bin/../lib/gcc/arm-none-eabi/7.3.1/thumb/v6-m/libgcc.a(divsf3.o)
                0x000000000001aee4                __aeabi_fdiv
 .text          0x000000000001b108      0x264 /usr/bin/../lib/gcc/arm-none-eabi/7.3.1/thumb/v6-m/libgcc.a(mulsf3.o)
                0x000000000001b108                __aeabi_fmul
 .text          0x000000000001b36c      0x388 /usr/bin/../lib/gcc/arm-none-eabi/7.3.1/thumb/v6-m/libgcc.a(subsf3.o)
                0x000000000001b36c                __aeabi_fsub
 .text          0x000000000001b6f4       0x40 /usr/bin/../lib/gcc/arm-none-eabi/7.3.1/thumb/v6-m/libgcc.a(fixsfsi.o)
                0x000000000001b6f4                __aeabi_f2iz
 .text          0x000000000001b734       0x94 /usr/bin/../lib/gcc/arm-none-eabi/7.3.1/thumb/v6-m/libgcc.a(floatsisf.o)
                0x000000000001b734                __aeabi_i2f
 .text          0x000000000001b7c8      0x4e4 /usr/bin/../lib/gcc/arm-none-eabi/7.3.1/thumb/v6-m/libgcc.a(muldf3.o)
                0x000000000001b7c8                __aeabi_dmul
 .text          0x000000000001bcac       0xa4 /usr/bin/../lib/gcc/arm-none-eabi/7.3.1/thumb/v6-m/libgcc.a(extendsfdf2.o)
                0x000000000001bcac                __aeabi_f2d
 .text          0x000000000001bd50      0x108 /usr/bin/../lib/gcc/arm-none-eabi/7.3.1/thumb/v6-m/libgcc.a(truncdfsf2.o)
                0x000000000001bd50                __aeabi_d2f
 .text          0x000000000001be58       0x74 /usr/bin/../lib/gcc/arm-none-eabi/7.3.1/thumb/v6-m/libgcc.a(_arm_cmpsf2.o)
                0x000000000001be58                __aeabi_cfrcmple
                0x000000000001be60                __aeabi_cfcmple
                0x000000000001be60                __aeabi_cfcmpeq
                0x000000000001be70                __aeabi_fcmpeq
                0x000000000001be7c                __aeabi_fcmplt
                0x000000000001be90                __aeabi_fcmple
                0x000000000001bea4                __aeabi_fcmpgt
                0x000000000001beb8                __aeabi_fcmpge
 .text          0x000000000001becc       0x3c /usr/bin/../lib/gcc/arm-none-eabi/7.3.1/thumb/v6-m/libgcc.a(_clzsi2.o)
                0x000000000001becc                __clzsi2
 .text          0x000000000001bf08       0x50 /usr/bin/../lib/gcc/arm-none-eabi/7.3.1/thumb/v6-m/libgcc.a(eqsf2.o)
                0x000000000001bf08                __nesf2
                0x000000000001bf08                __eqsf2
 .text          0x000000000001bf58       0x9c /usr/bin/../lib/gcc/arm-none-eabi/7.3.1/thumb/v6-m/libgcc.a(gesf2.o)
                0x000000000001bf58                __gtsf2
                0x000000000001bf58                __gesf2
 .text          0x000000000001bff4       0xa0 /usr/bin/../lib/gcc/arm-none-eabi/7.3.1/thumb/v6-m/libgcc.a(lesf2.o)
                0x000000000001bff4                __lesf2
                0x000000000001bff4                __ltsf2
 .text.exit     0x000000000001c094       0x20 /usr/bin/../lib/gcc/arm-none-eabi/7.3.1/../../../../arm-none-eabi/lib/thumb/v6-m/libc.a(lib_a-exit.o)
                0x000000000001c094                exit
 .text.__libc_init_array
                0x000000000001c0b4       0x48 /usr/bin/../lib/gcc/arm-none-eabi/7.3.1/../../../../arm-none-eabi/lib/thumb/v6-m/libc.a(lib_a-init.o)
                0x000000000001c0b4                __libc_init_array
 .text.memcpy   0x000000000001c0fc       0x88 /usr/bin/../lib/gcc/arm-none-eabi/7.3.1/../../../../arm-none-eabi/lib/thumb/v6-m/libc.a(lib_a-memcpy-stub.o)
                0x000000000001c0fc                memcpy
 .text.memset   0x000000000001c184       0x9c /usr/bin/../lib/gcc/arm-none-eabi/7.3.1/../../../../arm-none-eabi/lib/thumb/v6-m/libc.a(lib_a-memset.o)
                0x000000000001c184                memset
 .text.strlen   0x000000000001c220       0x64 /usr/bin/../lib/gcc/arm-none-eabi/7.3.1/../../../../arm-none-eabi/lib/thumb/v6-m/libc.a(lib_a-strlen-stub.o)
                0x000000000001c220                strlen
 .text.__call_exitprocs
                0x000000000001c284      0x118 /usr/bin/../lib/gcc/arm-none-eabi/7.3.1/../../../../arm-none-eabi/lib/thumb/v6-m/libc.a(lib_a-__call_atexit.o)
                0x000000000001c284                __call_exitprocs
 .text.atexit   0x000000000001c39c       0x10 /usr/bin/../lib/gcc/arm-none-eabi/7.3.1/../../../../arm-none-eabi/lib/thumb/v6-m/libc.a(lib_a-atexit.o)
                0x000000000001c39c                atexit
 .text.__libc_fini_array
                0x000000000001c3ac       0x34 /usr/bin/../lib/gcc/arm-none-eabi/7.3.1/../../../../arm-none-eabi/lib/thumb/v6-m/libc.a(lib_a-fini.o)
                0x000000000001c3ac                __libc_fini_array
 .text.__retarget_lock_acquire_recursive
                0x000000000001c3e0        0x4 /usr/bin/../lib/gcc/arm-none-eabi/7.3.1/../../../../arm-none-eabi/lib/thumb/v6-m/libc.a(lib_a-lock.o)
                0x000000000001c3e0                __retarget_lock_acquire_recursive
 .text.__retarget_lock_release_recursive
                0x000000000001c3e4        0x4 /usr/bin/../lib/gcc/arm-none-eabi/7.3.1/../../../../arm-none-eabi/lib/thumb/v6-m/libc.a(lib_a-lock.o)
                0x000000000001c3e4                __retarget_lock_release_recursive
 .text.__register_exitproc
                0x000000000001c3e8       0xf4 /usr/bin/../lib/gcc/arm-none-eabi/7.3.1/../../../../arm-none-eabi/lib/thumb/v6-m/libc.a(lib_a-__atexit.o)
                0x000000000001c3e8                __register_exitproc
 .text.pow      0x000000000001c4dc      0x374 /usr/bin/../lib/gcc/arm-none-eabi/7.3.1/../../../../arm-none-eabi/lib/thumb/v6-m/libm.a(lib_a-w_pow.o)
                0x000000000001c4dc                pow
 .text.__ieee754_pow
                0x000000000001c850      0xacc /usr/bin/../lib/gcc/arm-none-eabi/7.3.1/../../../../arm-none-eabi/lib/thumb/v6-m/libm.a(lib_a-e_pow.o)
                0x000000000001c850                __ieee754_pow
 .text.__ieee754_sqrt
                0x000000000001d31c      0x1b0 /usr/bin/../lib/gcc/arm-none-eabi/7.3.1/../../../../arm-none-eabi/lib/thumb/v6-m/libm.a(lib_a-e_sqrt.o)
                0x000000000001d31c                __ieee754_sqrt
 .text.fabs     0x000000000001d4cc        0x8 /usr/bin/../lib/gcc/arm-none-eabi/7.3.1/../../../../arm-none-eabi/lib/thumb/v6-m/libm.a(lib_a-s_fabs.o)
                0x000000000001d4cc                fabs
 .text.finite   0x000000000001d4d4       0x14 /usr/bin/../lib/gcc/arm-none-eabi/7.3.1/../../../../arm-none-eabi/lib/thumb/v6-m/libm.a(lib_a-s_finite.o)
                0x000000000001d4d4                finite
 .text.matherr  0x000000000001d4e8        0x4 /usr/bin/../lib/gcc/arm-none-eabi/7.3.1/../../../../arm-none-eabi/lib/thumb/v6-m/libm.a(lib_a-s_matherr.o)
                0x000000000001d4e8                matherr
 .text.nan      0x000000000001d4ec        0xc /usr/bin/../lib/gcc/arm-none-eabi/7.3.1/../../../../arm-none-eabi/lib/thumb/v6-m/libm.a(lib_a-s_nan.o)
                0x000000000001d4ec                nan
 .text.rint     0x000000000001d4f8      0x120 /usr/bin/../lib/gcc/arm-none-eabi/7.3.1/../../../../arm-none-eabi/lib/thumb/v6-m/libm.a(lib_a-s_rint.o)
                0x000000000001d4f8                rint
 .text.scalbn   0x000000000001d618       0xd0 /usr/bin/../lib/gcc/arm-none-eabi/7.3.1/../../../../arm-none-eabi/lib/thumb/v6-m/libm.a(lib_a-s_scalbn.o)
                0x000000000001d618                scalbn
 .text.copysign
                0x000000000001d6e8       0x10 /usr/bin/../lib/gcc/arm-none-eabi/7.3.1/../../../../arm-none-eabi/lib/thumb/v6-m/libm.a(lib_a-s_copysign.o)
                0x000000000001d6e8                copysign
 .text._exit    0x000000000001d6f8        0x4 /usr/bin/../lib/gcc/arm-none-eabi/7.3.1/../../../../arm-none-eabi/lib/thumb/v6-m/libnosys.a(_exit.o)
                0x000000000001d6f8                _exit
 .text          0x000000000001d6fc       0x7c /usr/bin/../lib/gcc/arm-none-eabi/7.3.1/thumb/v6-m/libgcc.a(_arm_cmpdf2.o)
                0x000000000001d6fc                __aeabi_cdrcmple
                0x000000000001d70c                __aeabi_cdcmple
                0x000000000001d70c                __aeabi_cdcmpeq
                0x000000000001d71c                __aeabi_dcmpeq
                0x000000000001d728                __aeabi_dcmplt
                0x000000000001d73c                __aeabi_dcmple
                0x000000000001d750                __aeabi_dcmpgt
                0x000000000001d764                __aeabi_dcmpge
 .text          0x000000000001d778      0x638 /usr/bin/../lib/gcc/arm-none-eabi/7.3.1/thumb/v6-m/libgcc.a(adddf3.o)
                0x000000000001d778                __aeabi_dadd
 .text          0x000000000001ddb0      0x604 /usr/bin/../lib/gcc/arm-none-eabi/7.3.1/thumb/v6-m/libgcc.a(divdf3.o)
                0x000000000001ddb0                __aeabi_ddiv
 .text          0x000000000001e3b4       0x78 /usr/bin/../lib/gcc/arm-none-eabi/7.3.1/thumb/v6-m/libgcc.a(eqdf2.o)
                0x000000000001e3b4                __eqdf2
                0x000000000001e3b4                __nedf2
 .text          0x000000000001e42c       0xc8 /usr/bin/../lib/gcc/arm-none-eabi/7.3.1/thumb/v6-m/libgcc.a(gedf2.o)
                0x000000000001e42c                __gtdf2
                0x000000000001e42c                __gedf2
 .text          0x000000000001e4f4       0xd0 /usr/bin/../lib/gcc/arm-none-eabi/7.3.1/thumb/v6-m/libgcc.a(ledf2.o)
                0x000000000001e4f4                __ltdf2
                0x000000000001e4f4                __ledf2
 .text          0x000000000001e5c4      0x690 /usr/bin/../lib/gcc/arm-none-eabi/7.3.1/thumb/v6-m/libgcc.a(subdf3.o)
                0x000000000001e5c4                __aeabi_dsub
 .text          0x000000000001ec54       0x38 /usr/bin/../lib/gcc/arm-none-eabi/7.3.1/thumb/v6-m/libgcc.a(unorddf2.o)
                0x000000000001ec54                __aeabi_dcmpun
 .text          0x000000000001ec8c       0x74 /usr/bin/../lib/gcc/arm-none-eabi/7.3.1/thumb/v6-m/libgcc.a(floatsidf.o)
                0x000000000001ec8c                __aeabi_i2d
 .text          0x000000000001ed00      0x114 /usr/bin/../lib/gcc/arm-none-eabi/7.3.1/thumb/v6-m/libgcc.a(_udivsi3.o)
                0x000000000001ed00                __udivsi3
                0x000000000001ed00                __aeabi_uidiv
                0x000000000001ee0c                __aeabi_uidivmod
 .text          0x000000000001ee14        0x4 /usr/bin/../lib/gcc/arm-none-eabi/7.3.1/thumb/v6-m/libgcc.a(_dvmd_tls.o)
                0x000000000001ee14                __aeabi_ldiv0
                0x000000000001ee14                __aeabi_idiv0
 .text.__errno  0x000000000001ee18        0xc /usr/bin/../lib/gcc/arm-none-eabi/7.3.1/../../../../arm-none-eabi/lib/thumb/v6-m/libc.a(lib_a-errno.o)
                0x000000000001ee18                __errno
 *(.init)
 .init          0x000000000001ee24        0x4 /usr/bin/../lib/gcc/arm-none-eabi/7.3.1/thumb/v6-m/crti.o
                0x000000000001ee24                _init
 .init          0x000000000001ee28        0x8 /usr/bin/../lib/gcc/arm-none-eabi/7.3.1/thumb/v6-m/crtn.o
 *(.fini)
 .fini          0x000000000001ee30        0x4 /usr/bin/../lib/gcc/arm-none-eabi/7.3.1/thumb/v6-m/crti.o
                0x000000000001ee30                _fini
 .fini          0x000000000001ee34        0x8 /usr/bin/../lib/gcc/arm-none-eabi/7.3.1/thumb/v6-m/crtn.o
 *crtbegin.o(.ctors)
 *crtbegin?.o(.ctors)
 *(EXCLUDE_FILE(*crtend.o *crtend?.o) .ctors)
 *(SORT_BY_NAME(.ctors.*))
 *(.ctors)
 *crtbegin.o(.dtors)
 *crtbegin?.o(.dtors)
 *(EXCLUDE_FILE(*crtend.o *crtend?.o) .dtors)
 *(SORT_BY_NAME(.dtors.*))
 *(.dtors)
 *(.rodata*)
 .rodata.color_timer
                0x000000000001ee3c        0x4 _build/main.o
 .rodata.finish_reading_blue.str1.1
                0x000000000001ee40        0xd _build/main.o
 *fill*         0x000000000001ee4d        0x3 
 .rodata.startup_timer
                0x000000000001ee50        0x4 _build/main.o
 .rodata.str1.1
                0x000000000001ee54        0xd _build/main.o
                                          0x6 (size before relaxing)
 .rodata.ENABLE_ADC
                0x000000000001ee54        0x2 _build/tcs3472REDO.o
 *fill*         0x000000000001ee56        0x2 
 .rodata.ENABLE_SENSOR_ADC
                0x000000000001ee58        0x8 _build/tcs3472REDO.o
 .rodata.MEAS_BLUE_CMD
                0x000000000001ee60        0x1 _build/tcs3472REDO.o
 *fill*         0x000000000001ee61        0x3 
 .rodata.MEAS_BLUE_TXFR
                0x000000000001ee64       0x10 _build/tcs3472REDO.o
 .rodata.MEAS_CLEAR_CMD
                0x000000000001ee74        0x1 _build/tcs3472REDO.o
 *fill*         0x000000000001ee75        0x3 
 .rodata.MEAS_CLEAR_TXFR
                0x000000000001ee78       0x10 _build/tcs3472REDO.o
 .rodata.MEAS_GREEN_CMD
                0x000000000001ee88        0x1 _build/tcs3472REDO.o
 *fill*         0x000000000001ee89        0x3 
 .rodata.MEAS_GREEN_TXFR
                0x000000000001ee8c       0x10 _build/tcs3472REDO.o
 .rodata.MEAS_RED_CMD
                0x000000000001ee9c        0x1 _build/tcs3472REDO.o
 *fill*         0x000000000001ee9d        0x3 
 .rodata.MEAS_RED_TXFR
                0x000000000001eea0       0x10 _build/tcs3472REDO.o
 .rodata.POWER_ON
                0x000000000001eeb0        0x2 _build/tcs3472REDO.o
 *fill*         0x000000000001eeb2        0x2 
 .rodata.POWER_ON_SENSOR
                0x000000000001eeb4        0x8 _build/tcs3472REDO.o
 .rodata.READ_ID_CMD
                0x000000000001eebc        0x1 _build/tcs3472REDO.o
 *fill*         0x000000000001eebd        0x3 
 .rodata.READ_SENSOR
                0x000000000001eec0       0x10 _build/tcs3472REDO.o
 .rodata.SET_GAIN
                0x000000000001eed0        0x8 _build/tcs3472REDO.o
 .rodata.SET_GAIN_CMDS
                0x000000000001eed8        0x2 _build/tcs3472REDO.o
 *fill*         0x000000000001eeda        0x2 
 .rodata.SET_INT_TIME
                0x000000000001eedc        0x8 _build/tcs3472REDO.o
 .rodata.SET_INT_TIME_CMDS
                0x000000000001eee4        0x2 _build/tcs3472REDO.o
 *fill*         0x000000000001eee6        0x2 
 .rodata.enable.8655
                0x000000000001eee8       0x10 _build/tcs3472REDO.o
 .rodata.power_on.8648
                0x000000000001eef8       0x10 _build/tcs3472REDO.o
 .rodata.readID.8626
                0x000000000001ef08       0x10 _build/tcs3472REDO.o
 .rodata.setGain.8641
                0x000000000001ef18       0x10 _build/tcs3472REDO.o
 .rodata.setIntTime.8634
                0x000000000001ef28       0x10 _build/tcs3472REDO.o
 .rodata.tcs34725_timer
                0x000000000001ef38        0x4 _build/tcs3472REDO.o
 .rodata.transaction.8674
                0x000000000001ef3c       0x10 _build/tcs3472REDO.o
 .rodata.transaction.8683
                0x000000000001ef4c       0x10 _build/tcs3472REDO.o
 .rodata.transaction.8692
                0x000000000001ef5c       0x10 _build/tcs3472REDO.o
 .rodata.transaction.8701
                0x000000000001ef6c       0x10 _build/tcs3472REDO.o
 .rodata.m_conn_params_timer_id
                0x000000000001ef7c        0x4 _build/ble_conn_params.o
 .rodata.m_default_config
                0x000000000001ef80       0x20 _build/nrf_drv_twi.o
 .rodata.m_error
                0x000000000001efa0       0x18 _build/nrf_drv_twi.o
 .rodata.m_idle
                0x000000000001efb8       0x10 _build/nrf_drv_twi.o
 .rodata.m_rx_suspended
                0x000000000001efc8       0x20 _build/nrf_drv_twi.o
 .rodata.m_states_len
                0x000000000001efe8       0x14 _build/nrf_drv_twi.o
 .rodata.m_stopped
                0x000000000001effc       0x18 _build/nrf_drv_twi.o
 .rodata.m_tx_suspended
                0x000000000001f014       0x28 _build/nrf_drv_twi.o
 .rodata.mp_states
                0x000000000001f03c       0x14 _build/nrf_drv_twi.o
 .rodata.CONN_SUP_TIMEOUT
                0x000000000001f050        0x4 _build/simple_ble.o
                0x000000000001f050                CONN_SUP_TIMEOUT
 .rodata.FIRST_CONN_PARAMS_UPDATE_DELAY
                0x000000000001f054        0x4 _build/simple_ble.o
                0x000000000001f054                FIRST_CONN_PARAMS_UPDATE_DELAY
 .rodata.SLAVE_LATENCY
                0x000000000001f058        0x4 _build/simple_ble.o
                0x000000000001f058                SLAVE_LATENCY
 .rodata        0x000000000001f05c       0x80 /usr/bin/../lib/gcc/arm-none-eabi/7.3.1/thumb/v6-m/libgcc.a(divsf3.o)
 .rodata        0x000000000001f0dc       0x40 /usr/bin/../lib/gcc/arm-none-eabi/7.3.1/thumb/v6-m/libgcc.a(mulsf3.o)
 .rodata        0x000000000001f11c       0x40 /usr/bin/../lib/gcc/arm-none-eabi/7.3.1/thumb/v6-m/libgcc.a(muldf3.o)
 .rodata._global_impure_ptr
                0x000000000001f15c        0x4 /usr/bin/../lib/gcc/arm-none-eabi/7.3.1/../../../../arm-none-eabi/lib/thumb/v6-m/libc.a(lib_a-impure.o)
                0x000000000001f15c                _global_impure_ptr
 .rodata.pow.str1.4
                0x000000000001f160        0x4 /usr/bin/../lib/gcc/arm-none-eabi/7.3.1/../../../../arm-none-eabi/lib/thumb/v6-m/libm.a(lib_a-w_pow.o)
 .rodata.__ieee754_pow.str1.4
                0x000000000001f164        0x4 /usr/bin/../lib/gcc/arm-none-eabi/7.3.1/../../../../arm-none-eabi/lib/thumb/v6-m/libm.a(lib_a-e_pow.o)
                                          0x1 (size before relaxing)
 .rodata.TWO52  0x000000000001f168       0x10 /usr/bin/../lib/gcc/arm-none-eabi/7.3.1/../../../../arm-none-eabi/lib/thumb/v6-m/libm.a(lib_a-s_rint.o)
 .rodata        0x000000000001f178       0x40 /usr/bin/../lib/gcc/arm-none-eabi/7.3.1/thumb/v6-m/libgcc.a(divdf3.o)
 *(.eh_frame*)
 .eh_frame      0x000000000001f1b8        0x0 /usr/bin/../lib/gcc/arm-none-eabi/7.3.1/thumb/v6-m/crtbegin.o
 .eh_frame      0x000000000001f1b8        0x4 /usr/bin/../lib/gcc/arm-none-eabi/7.3.1/thumb/v6-m/crtend.o

.glue_7         0x000000000001f1bc        0x0
 .glue_7        0x000000000001f1bc        0x0 linker stubs

.glue_7t        0x000000000001f1bc        0x0
 .glue_7t       0x000000000001f1bc        0x0 linker stubs

.vfp11_veneer   0x000000000001f1bc        0x0
 .vfp11_veneer  0x000000000001f1bc        0x0 linker stubs

.v4_bx          0x000000000001f1bc        0x0
 .v4_bx         0x000000000001f1bc        0x0 linker stubs

.iplt           0x000000000001f1bc        0x0
 .iplt          0x000000000001f1bc        0x0 /usr/bin/../lib/gcc/arm-none-eabi/7.3.1/../../../../arm-none-eabi/lib/thumb/v6-m/crt0.o

.ARM.extab
 *(.ARM.extab* .gnu.linkonce.armextab.*)
                0x000000000001f1bc                __exidx_start = .

.ARM.exidx      0x000000000001f1bc        0x8
 *(.ARM.exidx* .gnu.linkonce.armexidx.*)
 .ARM.exidx     0x000000000001f1bc        0x8 /usr/bin/../lib/gcc/arm-none-eabi/7.3.1/../../../../arm-none-eabi/lib/thumb/v6-m/crt0.o
                0x000000000001f1c4                __exidx_end = .
                0x000000000001f1c4                __etext = .

.rel.dyn        0x000000000001f1c4        0x0
 .rel.iplt      0x000000000001f1c4        0x0 /usr/bin/../lib/gcc/arm-none-eabi/7.3.1/../../../../arm-none-eabi/lib/thumb/v6-m/crt0.o

.data           0x0000000020002000      0x468 load address 0x000000000001f1c4
                0x0000000020002000                __data_start__ = .
 *(vtable)
 *(.data*)
 .data.ble_config
                0x0000000020002000       0x10 _build/main.o
 .data.twi_instance
                0x0000000020002010       0x18 _build/main.o
 .data.m_sec_params
                0x0000000020002028        0x5 _build/simple_ble.o
                0x0000000020002028                m_sec_params
 *fill*         0x000000002000202d        0x3 
 .data._impure_ptr
                0x0000000020002030        0x4 /usr/bin/../lib/gcc/arm-none-eabi/7.3.1/../../../../arm-none-eabi/lib/thumb/v6-m/libc.a(lib_a-impure.o)
                0x0000000020002030                _impure_ptr
 *fill*         0x0000000020002034        0x4 
 .data.impure_data
                0x0000000020002038      0x428 /usr/bin/../lib/gcc/arm-none-eabi/7.3.1/../../../../arm-none-eabi/lib/thumb/v6-m/libc.a(lib_a-impure.o)
 .data.__atexit_recursive_mutex
                0x0000000020002460        0x4 /usr/bin/../lib/gcc/arm-none-eabi/7.3.1/../../../../arm-none-eabi/lib/thumb/v6-m/libc.a(lib_a-__call_atexit.o)
                0x0000000020002460                __atexit_recursive_mutex
 .data.__fdlib_version
                0x0000000020002464        0x1 /usr/bin/../lib/gcc/arm-none-eabi/7.3.1/../../../../arm-none-eabi/lib/thumb/v6-m/libm.a(lib_a-s_lib_ver.o)
                0x0000000020002464                __fdlib_version
                0x0000000020002468                . = ALIGN (0x4)
 *fill*         0x0000000020002465        0x3 
                0x0000000020002468                PROVIDE (__preinit_array_start = .)
 *(.preinit_array)
                0x0000000020002468                PROVIDE (__preinit_array_end = .)
                0x0000000020002468                . = ALIGN (0x4)
                0x0000000020002468                PROVIDE (__init_array_start = .)
 *(SORT_BY_NAME(.init_array.*))
 *(.init_array)
                0x0000000020002468                PROVIDE (__init_array_end = .)
                0x0000000020002468                . = ALIGN (0x4)
                0x0000000020002468                PROVIDE (__fini_array_start = .)
 *(SORT_BY_NAME(.fini_array.*))
 *(.fini_array)
                0x0000000020002468                PROVIDE (__fini_array_end = .)
                0x0000000020002468                . = ALIGN (0x4)
                0x0000000020002468                __data_end__ = .

.igot.plt       0x0000000020002468        0x0 load address 0x000000000001f62c
 .igot.plt      0x0000000020002468        0x0 /usr/bin/../lib/gcc/arm-none-eabi/7.3.1/../../../../arm-none-eabi/lib/thumb/v6-m/crt0.o

.bss            0x0000000020002468      0x52d load address 0x000000000001f62c
                0x0000000020002468                __bss_start__ = .
 *(.bss*)
 .bss.color_sensor_info
                0x0000000020002468        0xd _build/main.o
 *fill*         0x0000000020002475        0x3 
 .bss.color_timer_data
                0x0000000020002478       0x20 _build/main.o
 .bss.queue_buffer.8945
                0x0000000020002498       0x24 _build/main.o
 .bss.startup_timer_data
                0x00000000200024bc       0x20 _build/main.o
 .bss.adc_enable_callback
                0x00000000200024dc        0x4 _build/tcs3472REDO.o
 .bss.blue      0x00000000200024e0        0x2 _build/tcs3472REDO.o
 .bss.clear     0x00000000200024e2        0x2 _build/tcs3472REDO.o
 .bss.green     0x00000000200024e4        0x2 _build/tcs3472REDO.o
 *fill*         0x00000000200024e6        0x2 
 .bss.read_ID_callback
                0x00000000200024e8        0x4 _build/tcs3472REDO.o
 .bss.read_blue_callback
                0x00000000200024ec        0x4 _build/tcs3472REDO.o
 .bss.read_clear_callback
                0x00000000200024f0        0x4 _build/tcs3472REDO.o
 .bss.read_green_callback
                0x00000000200024f4        0x4 _build/tcs3472REDO.o
 .bss.read_red_callback
                0x00000000200024f8        0x4 _build/tcs3472REDO.o
 .bss.red       0x00000000200024fc        0x2 _build/tcs3472REDO.o
 *fill*         0x00000000200024fe        0x2 
 .bss.sensor_enable_callback
                0x0000000020002500        0x4 _build/tcs3472REDO.o
 .bss.set_gain_callback
                0x0000000020002504        0x4 _build/tcs3472REDO.o
 .bss.set_int_time_callback
                0x0000000020002508        0x4 _build/tcs3472REDO.o
 .bss.set_interrupt_callback
                0x000000002000250c        0x4 _build/tcs3472REDO.o
 .bss.state     0x0000000020002510        0x1 _build/tcs3472REDO.o
 *fill*         0x0000000020002511        0x3 
 .bss.tcs34725_timer_data
                0x0000000020002514       0x20 _build/tcs3472REDO.o
 .bss.tcsIDval  0x0000000020002534        0x1 _build/tcs3472REDO.o
 *fill*         0x0000000020002535        0x3 
 .bss.twi       0x0000000020002538        0x4 _build/tcs3472REDO.o
 .bss.m_evt_schedule_func
                0x000000002000253c        0x4 _build/app_timer.o
 .bss.m_rtc1_reset
                0x0000000020002540        0x1 _build/app_timer.o
 .bss.m_rtc1_running
                0x0000000020002541        0x1 _build/app_timer.o
 *fill*         0x0000000020002542        0x2 
 .bss.m_ticks_elapsed
                0x0000000020002544        0x8 _build/app_timer.o
 .bss.m_ticks_elapsed_q_read_ind
                0x000000002000254c        0x1 _build/app_timer.o
 .bss.m_ticks_elapsed_q_write_ind
                0x000000002000254d        0x1 _build/app_timer.o
 *fill*         0x000000002000254e        0x2 
 .bss.m_ticks_latest
                0x0000000020002550        0x4 _build/app_timer.o
 .bss.m_user_array_size
                0x0000000020002554        0x1 _build/app_timer.o
 *fill*         0x0000000020002555        0x3 
 .bss.mp_timer_id_head
                0x0000000020002558        0x4 _build/app_timer.o
 .bss.mp_users  0x000000002000255c        0x4 _build/app_timer.o
 .bss.m_change_param
                0x0000000020002560        0x1 _build/ble_conn_params.o
 *fill*         0x0000000020002561        0x1 
 .bss.m_conn_handle
                0x0000000020002562        0x2 _build/ble_conn_params.o
 .bss.m_conn_params_config
                0x0000000020002564       0x1c _build/ble_conn_params.o
 .bss.m_conn_params_timer_id_data
                0x0000000020002580       0x20 _build/ble_conn_params.o
 .bss.m_current_conn_params
                0x00000000200025a0        0x8 _build/ble_conn_params.o
 .bss.m_preferred_conn_params
                0x00000000200025a8        0x8 _build/ble_conn_params.o
 .bss.m_update_count
                0x00000000200025b0        0x1 _build/ble_conn_params.o
 *fill*         0x00000000200025b1        0x3 
 .bss.m_cb      0x00000000200025b4       0x30 _build/nrf_drv_twi.o
 .bss.m_handlers
                0x00000000200025e4        0x8 _build/nrf_drv_twi.o
 .bss.m_instances
                0x00000000200025ec        0x8 _build/nrf_drv_twi.o
 .bss.mp_contexts
                0x00000000200025f4        0x8 _build/nrf_drv_twi.o
 .bss.m_ble_evt_buffer_size
                0x00000000200025fc        0x2 _build/softdevice_handler.o
 *fill*         0x00000000200025fe        0x2 
 .bss.m_ble_evt_handler
                0x0000000020002600        0x4 _build/softdevice_handler.o
 .bss.m_evt_schedule_func
                0x0000000020002604        0x4 _build/softdevice_handler.o
 .bss.m_softdevice_enabled
                0x0000000020002608        0x1 _build/softdevice_handler.o
 *fill*         0x0000000020002609        0x3 
 .bss.m_sys_evt_handler
                0x000000002000260c        0x4 _build/softdevice_handler.o
 .bss.mp_ble_evt_buffer
                0x0000000020002610        0x4 _build/softdevice_handler.o
 .bss.APP_TIMER_BUF.8784
                0x0000000020002614      0x2e8 _build/simple_ble.o
 .bss.BLE_EVT_BUFFER.8753
                0x00000000200028fc       0x48 _build/simple_ble.o
 .bss.ble_config
                0x0000000020002944        0x4 _build/simple_ble.o
 *(COMMON)
 COMMON         0x0000000020002948        0xe _build/main.o
                0x0000000020002948                color_data
 *fill*         0x0000000020002956        0x2 
 COMMON         0x0000000020002958       0x1a _build/simple_ble.o
                0x0000000020002958                m_adv_params
                0x0000000020002970                app
 *fill*         0x0000000020002972        0x2 
 COMMON         0x0000000020002974       0x21 /usr/bin/../lib/gcc/arm-none-eabi/7.3.1/../../../../arm-none-eabi/lib/thumb/v6-m/libc.a(lib_a-lock.o)
                0x0000000020002974                __lock___atexit_recursive_mutex
                0x0000000020002978                __lock___arc4random_mutex
                0x000000002000297c                __lock___env_recursive_mutex
                0x0000000020002980                __lock___sinit_recursive_mutex
                0x0000000020002984                __lock___malloc_recursive_mutex
                0x0000000020002988                __lock___at_quick_exit_mutex
                0x000000002000298c                __lock___dd_hash_mutex
                0x0000000020002990                __lock___tz_mutex
                0x0000000020002994                __lock___sfp_recursive_mutex
                0x0000000020002995                __bss_end__ = .

.heap           0x0000000020002998      0x100
                0x0000000020002998                __end__ = .
                0x0000000020002998                end = __end__
 *(.heap*)
 .heap          0x0000000020002998      0x100 _build/startup_nrf51.os
                0x0000000020002998                __HeapBase
                0x0000000020002a98                __HeapLimit = .

.stack_dummy    0x0000000020002998      0xc00
 *(.stack)
 .stack         0x0000000020002998      0xc00 _build/startup_nrf51.os
                0x0000000020004000                __StackTop = (ORIGIN (RAM) + LENGTH (RAM))
                0x0000000020003400                __StackLimit = (__StackTop - SIZEOF (.stack_dummy))
                0x0000000020004000                PROVIDE (__stack = __StackTop)
                0x0000000000000001                ASSERT ((__StackLimit >= __HeapLimit), region RAM overflowed with stack)
OUTPUT(_build/LPCSB2_s110.elf elf32-littlearm)

.ARM.attributes
                0x0000000000000000       0x28
 .ARM.attributes
                0x0000000000000000       0x1e /usr/bin/../lib/gcc/arm-none-eabi/7.3.1/thumb/v6-m/crti.o
 .ARM.attributes
                0x000000000000001e       0x2c /usr/bin/../lib/gcc/arm-none-eabi/7.3.1/thumb/v6-m/crtbegin.o
 .ARM.attributes
                0x000000000000004a       0x1b /usr/bin/../lib/gcc/arm-none-eabi/7.3.1/../../../../arm-none-eabi/lib/thumb/v6-m/crt0.o
 .ARM.attributes
                0x0000000000000065       0x1b _build/startup_nrf51.os
 .ARM.attributes
                0x0000000000000080       0x31 _build/system_nrf51.o
 .ARM.attributes
                0x00000000000000b1       0x31 _build/main.o
 .ARM.attributes
                0x00000000000000e2       0x31 _build/tcs3472REDO.o
 .ARM.attributes
                0x0000000000000113       0x31 _build/app_timer.o
 .ARM.attributes
                0x0000000000000144       0x31 _build/ble_advdata.o
 .ARM.attributes
                0x0000000000000175       0x31 _build/ble_conn_params.o
 .ARM.attributes
                0x00000000000001a6       0x31 _build/led.o
 .ARM.attributes
                0x00000000000001d7       0x31 _build/nrf_delay.o
 .ARM.attributes
                0x0000000000000208       0x31 _build/nrf_drv_common.o
 .ARM.attributes
                0x0000000000000239       0x31 _build/nrf_drv_twi.o
 .ARM.attributes
                0x000000000000026a       0x31 _build/softdevice_handler.o
 .ARM.attributes
                0x000000000000029b       0x31 _build/app_twi.o
 .ARM.attributes
                0x00000000000002cc       0x31 _build/simple_ble.o
 .ARM.attributes
                0x00000000000002fd       0x31 _build/simple_adv.o
 .ARM.attributes
                0x000000000000032e       0x31 _build/eddystone.o
 .ARM.attributes
                0x000000000000035f       0x1e /usr/bin/../lib/gcc/arm-none-eabi/7.3.1/thumb/v6-m/libgcc.a(_thumb1_case_uqi.o)
 .ARM.attributes
                0x000000000000037d       0x1e /usr/bin/../lib/gcc/arm-none-eabi/7.3.1/thumb/v6-m/libgcc.a(_thumb1_case_uhi.o)
 .ARM.attributes
                0x000000000000039b       0x2c /usr/bin/../lib/gcc/arm-none-eabi/7.3.1/thumb/v6-m/libgcc.a(_fixunssfsi.o)
 .ARM.attributes
                0x00000000000003c7       0x2c /usr/bin/../lib/gcc/arm-none-eabi/7.3.1/thumb/v6-m/libgcc.a(addsf3.o)
 .ARM.attributes
                0x00000000000003f3       0x2c /usr/bin/../lib/gcc/arm-none-eabi/7.3.1/thumb/v6-m/libgcc.a(divsf3.o)
 .ARM.attributes
                0x000000000000041f       0x2c /usr/bin/../lib/gcc/arm-none-eabi/7.3.1/thumb/v6-m/libgcc.a(mulsf3.o)
 .ARM.attributes
                0x000000000000044b       0x2c /usr/bin/../lib/gcc/arm-none-eabi/7.3.1/thumb/v6-m/libgcc.a(subsf3.o)
 .ARM.attributes
                0x0000000000000477       0x2c /usr/bin/../lib/gcc/arm-none-eabi/7.3.1/thumb/v6-m/libgcc.a(fixsfsi.o)
 .ARM.attributes
                0x00000000000004a3       0x2c /usr/bin/../lib/gcc/arm-none-eabi/7.3.1/thumb/v6-m/libgcc.a(floatsisf.o)
 .ARM.attributes
                0x00000000000004cf       0x2c /usr/bin/../lib/gcc/arm-none-eabi/7.3.1/thumb/v6-m/libgcc.a(muldf3.o)
 .ARM.attributes
                0x00000000000004fb       0x2c /usr/bin/../lib/gcc/arm-none-eabi/7.3.1/thumb/v6-m/libgcc.a(extendsfdf2.o)
 .ARM.attributes
                0x0000000000000527       0x2c /usr/bin/../lib/gcc/arm-none-eabi/7.3.1/thumb/v6-m/libgcc.a(truncdfsf2.o)
 .ARM.attributes
                0x0000000000000553       0x1e /usr/bin/../lib/gcc/arm-none-eabi/7.3.1/thumb/v6-m/libgcc.a(_arm_cmpsf2.o)
 .ARM.attributes
                0x0000000000000571       0x1e /usr/bin/../lib/gcc/arm-none-eabi/7.3.1/thumb/v6-m/libgcc.a(_clzsi2.o)
 .ARM.attributes
                0x000000000000058f       0x2c /usr/bin/../lib/gcc/arm-none-eabi/7.3.1/thumb/v6-m/libgcc.a(eqsf2.o)
 .ARM.attributes
                0x00000000000005bb       0x2c /usr/bin/../lib/gcc/arm-none-eabi/7.3.1/thumb/v6-m/libgcc.a(gesf2.o)
 .ARM.attributes
                0x00000000000005e7       0x2c /usr/bin/../lib/gcc/arm-none-eabi/7.3.1/thumb/v6-m/libgcc.a(lesf2.o)
 .ARM.attributes
                0x0000000000000613       0x2c /usr/bin/../lib/gcc/arm-none-eabi/7.3.1/../../../../arm-none-eabi/lib/thumb/v6-m/libc.a(lib_a-exit.o)
 .ARM.attributes
                0x000000000000063f       0x2c /usr/bin/../lib/gcc/arm-none-eabi/7.3.1/../../../../arm-none-eabi/lib/thumb/v6-m/libc.a(lib_a-impure.o)
 .ARM.attributes
                0x000000000000066b       0x2c /usr/bin/../lib/gcc/arm-none-eabi/7.3.1/../../../../arm-none-eabi/lib/thumb/v6-m/libc.a(lib_a-init.o)
 .ARM.attributes
                0x0000000000000697       0x2c /usr/bin/../lib/gcc/arm-none-eabi/7.3.1/../../../../arm-none-eabi/lib/thumb/v6-m/libc.a(lib_a-memcpy-stub.o)
 .ARM.attributes
                0x00000000000006c3       0x2c /usr/bin/../lib/gcc/arm-none-eabi/7.3.1/../../../../arm-none-eabi/lib/thumb/v6-m/libc.a(lib_a-memset.o)
 .ARM.attributes
                0x00000000000006ef       0x2c /usr/bin/../lib/gcc/arm-none-eabi/7.3.1/../../../../arm-none-eabi/lib/thumb/v6-m/libc.a(lib_a-strlen-stub.o)
 .ARM.attributes
                0x000000000000071b       0x2c /usr/bin/../lib/gcc/arm-none-eabi/7.3.1/../../../../arm-none-eabi/lib/thumb/v6-m/libc.a(lib_a-__call_atexit.o)
 .ARM.attributes
                0x0000000000000747       0x2c /usr/bin/../lib/gcc/arm-none-eabi/7.3.1/../../../../arm-none-eabi/lib/thumb/v6-m/libc.a(lib_a-atexit.o)
 .ARM.attributes
                0x0000000000000773       0x2c /usr/bin/../lib/gcc/arm-none-eabi/7.3.1/../../../../arm-none-eabi/lib/thumb/v6-m/libc.a(lib_a-fini.o)
 .ARM.attributes
                0x000000000000079f       0x2c /usr/bin/../lib/gcc/arm-none-eabi/7.3.1/../../../../arm-none-eabi/lib/thumb/v6-m/libc.a(lib_a-lock.o)
 .ARM.attributes
                0x00000000000007cb       0x2c /usr/bin/../lib/gcc/arm-none-eabi/7.3.1/../../../../arm-none-eabi/lib/thumb/v6-m/libc.a(lib_a-__atexit.o)
 .ARM.attributes
                0x00000000000007f7       0x2c /usr/bin/../lib/gcc/arm-none-eabi/7.3.1/thumb/v6-m/crtend.o
 .ARM.attributes
                0x0000000000000823       0x1e /usr/bin/../lib/gcc/arm-none-eabi/7.3.1/thumb/v6-m/crtn.o
 .ARM.attributes
                0x0000000000000841       0x2c /usr/bin/../lib/gcc/arm-none-eabi/7.3.1/../../../../arm-none-eabi/lib/thumb/v6-m/libm.a(lib_a-w_pow.o)
 .ARM.attributes
                0x000000000000086d       0x2c /usr/bin/../lib/gcc/arm-none-eabi/7.3.1/../../../../arm-none-eabi/lib/thumb/v6-m/libm.a(lib_a-e_pow.o)
 .ARM.attributes
                0x0000000000000899       0x2c /usr/bin/../lib/gcc/arm-none-eabi/7.3.1/../../../../arm-none-eabi/lib/thumb/v6-m/libm.a(lib_a-e_sqrt.o)
 .ARM.attributes
                0x00000000000008c5       0x2c /usr/bin/../lib/gcc/arm-none-eabi/7.3.1/../../../../arm-none-eabi/lib/thumb/v6-m/libm.a(lib_a-s_fabs.o)
 .ARM.attributes
                0x00000000000008f1       0x2c /usr/bin/../lib/gcc/arm-none-eabi/7.3.1/../../../../arm-none-eabi/lib/thumb/v6-m/libm.a(lib_a-s_finite.o)
 .ARM.attributes
                0x000000000000091d       0x2c /usr/bin/../lib/gcc/arm-none-eabi/7.3.1/../../../../arm-none-eabi/lib/thumb/v6-m/libm.a(lib_a-s_lib_ver.o)
 .ARM.attributes
                0x0000000000000949       0x2c /usr/bin/../lib/gcc/arm-none-eabi/7.3.1/../../../../arm-none-eabi/lib/thumb/v6-m/libm.a(lib_a-s_matherr.o)
 .ARM.attributes
                0x0000000000000975       0x2c /usr/bin/../lib/gcc/arm-none-eabi/7.3.1/../../../../arm-none-eabi/lib/thumb/v6-m/libm.a(lib_a-s_nan.o)
 .ARM.attributes
                0x00000000000009a1       0x2c /usr/bin/../lib/gcc/arm-none-eabi/7.3.1/../../../../arm-none-eabi/lib/thumb/v6-m/libm.a(lib_a-s_rint.o)
 .ARM.attributes
                0x00000000000009cd       0x2c /usr/bin/../lib/gcc/arm-none-eabi/7.3.1/../../../../arm-none-eabi/lib/thumb/v6-m/libm.a(lib_a-s_scalbn.o)
 .ARM.attributes
                0x00000000000009f9       0x2c /usr/bin/../lib/gcc/arm-none-eabi/7.3.1/../../../../arm-none-eabi/lib/thumb/v6-m/libm.a(lib_a-s_copysign.o)
 .ARM.attributes
                0x0000000000000a25       0x2c /usr/bin/../lib/gcc/arm-none-eabi/7.3.1/../../../../arm-none-eabi/lib/thumb/v6-m/libnosys.a(_exit.o)
 .ARM.attributes
                0x0000000000000a51       0x1e /usr/bin/../lib/gcc/arm-none-eabi/7.3.1/thumb/v6-m/libgcc.a(_arm_cmpdf2.o)
 .ARM.attributes
                0x0000000000000a6f       0x2c /usr/bin/../lib/gcc/arm-none-eabi/7.3.1/thumb/v6-m/libgcc.a(adddf3.o)
 .ARM.attributes
                0x0000000000000a9b       0x2c /usr/bin/../lib/gcc/arm-none-eabi/7.3.1/thumb/v6-m/libgcc.a(divdf3.o)
 .ARM.attributes
                0x0000000000000ac7       0x2c /usr/bin/../lib/gcc/arm-none-eabi/7.3.1/thumb/v6-m/libgcc.a(eqdf2.o)
 .ARM.attributes
                0x0000000000000af3       0x2c /usr/bin/../lib/gcc/arm-none-eabi/7.3.1/thumb/v6-m/libgcc.a(gedf2.o)
 .ARM.attributes
                0x0000000000000b1f       0x2c /usr/bin/../lib/gcc/arm-none-eabi/7.3.1/thumb/v6-m/libgcc.a(ledf2.o)
 .ARM.attributes
                0x0000000000000b4b       0x2c /usr/bin/../lib/gcc/arm-none-eabi/7.3.1/thumb/v6-m/libgcc.a(subdf3.o)
 .ARM.attributes
                0x0000000000000b77       0x2c /usr/bin/../lib/gcc/arm-none-eabi/7.3.1/thumb/v6-m/libgcc.a(unorddf2.o)
 .ARM.attributes
                0x0000000000000ba3       0x2c /usr/bin/../lib/gcc/arm-none-eabi/7.3.1/thumb/v6-m/libgcc.a(floatsidf.o)
 .ARM.attributes
                0x0000000000000bcf       0x1e /usr/bin/../lib/gcc/arm-none-eabi/7.3.1/thumb/v6-m/libgcc.a(_udivsi3.o)
 .ARM.attributes
                0x0000000000000bed       0x1e /usr/bin/../lib/gcc/arm-none-eabi/7.3.1/thumb/v6-m/libgcc.a(_dvmd_tls.o)
 .ARM.attributes
                0x0000000000000c0b       0x2c /usr/bin/../lib/gcc/arm-none-eabi/7.3.1/../../../../arm-none-eabi/lib/thumb/v6-m/libc.a(lib_a-errno.o)

.comment        0x0000000000000000       0x7f
 .comment       0x0000000000000000       0x7f _build/system_nrf51.o
                                         0x80 (size before relaxing)
 .comment       0x000000000000007f       0x80 _build/main.o
 .comment       0x000000000000007f       0x80 _build/tcs3472REDO.o
 .comment       0x000000000000007f       0x80 _build/app_timer.o
 .comment       0x000000000000007f       0x80 _build/ble_advdata.o
 .comment       0x000000000000007f       0x80 _build/ble_conn_params.o
 .comment       0x000000000000007f       0x80 _build/led.o
 .comment       0x000000000000007f       0x80 _build/nrf_delay.o
 .comment       0x000000000000007f       0x80 _build/nrf_drv_common.o
 .comment       0x000000000000007f       0x80 _build/nrf_drv_twi.o
 .comment       0x000000000000007f       0x80 _build/softdevice_handler.o
 .comment       0x000000000000007f       0x80 _build/app_twi.o
 .comment       0x000000000000007f       0x80 _build/simple_ble.o
 .comment       0x000000000000007f       0x80 _build/simple_adv.o
 .comment       0x000000000000007f       0x80 _build/eddystone.o

.debug_frame    0x0000000000000000      0x8b8
 .debug_frame   0x0000000000000000       0x28 /usr/bin/../lib/gcc/arm-none-eabi/7.3.1/thumb/v6-m/libgcc.a(_fixunssfsi.o)
 .debug_frame   0x0000000000000028       0x38 /usr/bin/../lib/gcc/arm-none-eabi/7.3.1/thumb/v6-m/libgcc.a(addsf3.o)
 .debug_frame   0x0000000000000060       0x3c /usr/bin/../lib/gcc/arm-none-eabi/7.3.1/thumb/v6-m/libgcc.a(divsf3.o)
 .debug_frame   0x000000000000009c       0x3c /usr/bin/../lib/gcc/arm-none-eabi/7.3.1/thumb/v6-m/libgcc.a(mulsf3.o)
 .debug_frame   0x00000000000000d8       0x38 /usr/bin/../lib/gcc/arm-none-eabi/7.3.1/thumb/v6-m/libgcc.a(subsf3.o)
 .debug_frame   0x0000000000000110       0x20 /usr/bin/../lib/gcc/arm-none-eabi/7.3.1/thumb/v6-m/libgcc.a(fixsfsi.o)
 .debug_frame   0x0000000000000130       0x2c /usr/bin/../lib/gcc/arm-none-eabi/7.3.1/thumb/v6-m/libgcc.a(floatsisf.o)
 .debug_frame   0x000000000000015c       0x3c /usr/bin/../lib/gcc/arm-none-eabi/7.3.1/thumb/v6-m/libgcc.a(muldf3.o)
 .debug_frame   0x0000000000000198       0x2c /usr/bin/../lib/gcc/arm-none-eabi/7.3.1/thumb/v6-m/libgcc.a(extendsfdf2.o)
 .debug_frame   0x00000000000001c4       0x30 /usr/bin/../lib/gcc/arm-none-eabi/7.3.1/thumb/v6-m/libgcc.a(truncdfsf2.o)
 .debug_frame   0x00000000000001f4       0x2c /usr/bin/../lib/gcc/arm-none-eabi/7.3.1/thumb/v6-m/libgcc.a(eqsf2.o)
 .debug_frame   0x0000000000000220       0x2c /usr/bin/../lib/gcc/arm-none-eabi/7.3.1/thumb/v6-m/libgcc.a(gesf2.o)
 .debug_frame   0x000000000000024c       0x2c /usr/bin/../lib/gcc/arm-none-eabi/7.3.1/thumb/v6-m/libgcc.a(lesf2.o)
 .debug_frame   0x0000000000000278       0x28 /usr/bin/../lib/gcc/arm-none-eabi/7.3.1/../../../../arm-none-eabi/lib/thumb/v6-m/libc.a(lib_a-exit.o)
 .debug_frame   0x00000000000002a0       0x2c /usr/bin/../lib/gcc/arm-none-eabi/7.3.1/../../../../arm-none-eabi/lib/thumb/v6-m/libc.a(lib_a-init.o)
 .debug_frame   0x00000000000002cc       0x30 /usr/bin/../lib/gcc/arm-none-eabi/7.3.1/../../../../arm-none-eabi/lib/thumb/v6-m/libc.a(lib_a-memcpy-stub.o)
 .debug_frame   0x00000000000002fc       0x30 /usr/bin/../lib/gcc/arm-none-eabi/7.3.1/../../../../arm-none-eabi/lib/thumb/v6-m/libc.a(lib_a-memset.o)
 .debug_frame   0x000000000000032c       0x28 /usr/bin/../lib/gcc/arm-none-eabi/7.3.1/../../../../arm-none-eabi/lib/thumb/v6-m/libc.a(lib_a-strlen-stub.o)
 .debug_frame   0x0000000000000354       0x54 /usr/bin/../lib/gcc/arm-none-eabi/7.3.1/../../../../arm-none-eabi/lib/thumb/v6-m/libc.a(lib_a-__call_atexit.o)
 .debug_frame   0x00000000000003a8       0x28 /usr/bin/../lib/gcc/arm-none-eabi/7.3.1/../../../../arm-none-eabi/lib/thumb/v6-m/libc.a(lib_a-atexit.o)
 .debug_frame   0x00000000000003d0       0x2c /usr/bin/../lib/gcc/arm-none-eabi/7.3.1/../../../../arm-none-eabi/lib/thumb/v6-m/libc.a(lib_a-fini.o)
 .debug_frame   0x00000000000003fc       0xb0 /usr/bin/../lib/gcc/arm-none-eabi/7.3.1/../../../../arm-none-eabi/lib/thumb/v6-m/libc.a(lib_a-lock.o)
 .debug_frame   0x00000000000004ac       0x3c /usr/bin/../lib/gcc/arm-none-eabi/7.3.1/../../../../arm-none-eabi/lib/thumb/v6-m/libc.a(lib_a-__atexit.o)
 .debug_frame   0x00000000000004e8       0x3c /usr/bin/../lib/gcc/arm-none-eabi/7.3.1/../../../../arm-none-eabi/lib/thumb/v6-m/libm.a(lib_a-w_pow.o)
 .debug_frame   0x0000000000000524       0x3c /usr/bin/../lib/gcc/arm-none-eabi/7.3.1/../../../../arm-none-eabi/lib/thumb/v6-m/libm.a(lib_a-e_pow.o)
 .debug_frame   0x0000000000000560       0x38 /usr/bin/../lib/gcc/arm-none-eabi/7.3.1/../../../../arm-none-eabi/lib/thumb/v6-m/libm.a(lib_a-e_sqrt.o)
 .debug_frame   0x0000000000000598       0x20 /usr/bin/../lib/gcc/arm-none-eabi/7.3.1/../../../../arm-none-eabi/lib/thumb/v6-m/libm.a(lib_a-s_fabs.o)
 .debug_frame   0x00000000000005b8       0x20 /usr/bin/../lib/gcc/arm-none-eabi/7.3.1/../../../../arm-none-eabi/lib/thumb/v6-m/libm.a(lib_a-s_finite.o)
 .debug_frame   0x00000000000005d8       0x20 /usr/bin/../lib/gcc/arm-none-eabi/7.3.1/../../../../arm-none-eabi/lib/thumb/v6-m/libm.a(lib_a-s_matherr.o)
 .debug_frame   0x00000000000005f8       0x20 /usr/bin/../lib/gcc/arm-none-eabi/7.3.1/../../../../arm-none-eabi/lib/thumb/v6-m/libm.a(lib_a-s_nan.o)
 .debug_frame   0x0000000000000618       0x38 /usr/bin/../lib/gcc/arm-none-eabi/7.3.1/../../../../arm-none-eabi/lib/thumb/v6-m/libm.a(lib_a-s_rint.o)
 .debug_frame   0x0000000000000650       0x2c /usr/bin/../lib/gcc/arm-none-eabi/7.3.1/../../../../arm-none-eabi/lib/thumb/v6-m/libm.a(lib_a-s_scalbn.o)
 .debug_frame   0x000000000000067c       0x2c /usr/bin/../lib/gcc/arm-none-eabi/7.3.1/../../../../arm-none-eabi/lib/thumb/v6-m/libm.a(lib_a-s_copysign.o)
 .debug_frame   0x00000000000006a8       0x20 /usr/bin/../lib/gcc/arm-none-eabi/7.3.1/../../../../arm-none-eabi/lib/thumb/v6-m/libnosys.a(_exit.o)
 .debug_frame   0x00000000000006c8       0x38 /usr/bin/../lib/gcc/arm-none-eabi/7.3.1/thumb/v6-m/libgcc.a(adddf3.o)
 .debug_frame   0x0000000000000700       0x3c /usr/bin/../lib/gcc/arm-none-eabi/7.3.1/thumb/v6-m/libgcc.a(divdf3.o)
 .debug_frame   0x000000000000073c       0x38 /usr/bin/../lib/gcc/arm-none-eabi/7.3.1/thumb/v6-m/libgcc.a(eqdf2.o)
 .debug_frame   0x0000000000000774       0x38 /usr/bin/../lib/gcc/arm-none-eabi/7.3.1/thumb/v6-m/libgcc.a(gedf2.o)
 .debug_frame   0x00000000000007ac       0x38 /usr/bin/../lib/gcc/arm-none-eabi/7.3.1/thumb/v6-m/libgcc.a(ledf2.o)
 .debug_frame   0x00000000000007e4       0x3c /usr/bin/../lib/gcc/arm-none-eabi/7.3.1/thumb/v6-m/libgcc.a(subdf3.o)
 .debug_frame   0x0000000000000820       0x2c /usr/bin/../lib/gcc/arm-none-eabi/7.3.1/thumb/v6-m/libgcc.a(unorddf2.o)
 .debug_frame   0x000000000000084c       0x2c /usr/bin/../lib/gcc/arm-none-eabi/7.3.1/thumb/v6-m/libgcc.a(floatsidf.o)
 .debug_frame   0x0000000000000878       0x20 /usr/bin/../lib/gcc/arm-none-eabi/7.3.1/thumb/v6-m/libgcc.a(_udivsi3.o)
 .debug_frame   0x0000000000000898       0x20 /usr/bin/../lib/gcc/arm-none-eabi/7.3.1/../../../../arm-none-eabi/lib/thumb/v6-m/libc.a(lib_a-errno.o)
